Executing command: C:\Users\vilsn\Documents\isoform-analysis\isoform_dashboard_env\Scripts\python.exe -u C:\Users\vilsn\Documents\isoform-analysis\isoform_dashboard\assets\pipeline_runner.py

=== Running Step 1/2: Calculate Distribution Tables ===
Wrote data\isoform_distributions\distributions_individual_sum.tsv
Wrote data\isoform_distributions\distributions_individual_mean.tsv
[PROGRESS_PERCENT] 0
Generating aggregated table with stat=sum...
Wrote data\isoform_distributions\distributions_sum.tsv
[PROGRESS_PERCENT] 50
Generating aggregated table with stat=mean...
Wrote data\isoform_distributions\distributions_mean.tsv
[PROGRESS_PERCENT] 100

=== Running Step 2/2: Calculate Bootstrap CIs ===
<frozen runpy>:128: RuntimeWarning: 'isoform_distribution.bootstrap_isoform_means' found in sys.modules after import of package 'isoform_distribution', but prior to execution of 'isoform_distribution.bootstrap_isoform_means'; this may result in unpredictable behaviour
Traceback (most recent call last):
  File "<frozen runpy>", line 198, in _run_module_as_main
  File "<frozen runpy>", line 88, in _run_code
  File "C:\Users\vilsn\Documents\isoform-analysis\isoform_distribution\bootstrap_isoform_means.py", line 281, in <module>
    raise SystemExit(main())
                     ~~~~^^
  File "C:\Users\vilsn\Documents\isoform-analysis\isoform_distribution\bootstrap_isoform_means.py", line 216, in main
    df = read_matrix(args.input)
  File "C:\Users\vilsn\Documents\isoform-analysis\isoform_distribution\bootstrap_isoform_means.py", line 72, in read_matrix
    if not np.issubdtype(df[c].dtype, np.number):
           ~~~~~~~~~~~~~^^^^^^^^^^^^^^^^^^^^^^^^
  File "C:\Users\vilsn\Documents\isoform-analysis\isoform_dashboard_env\Lib\site-packages\numpy\_core\numerictypes.py", line 534, in issubdtype
    arg1 = dtype(arg1).type
           ~~~~~^^^^^^
TypeError: Cannot interpret '<StringDtype(storage='python', na_value=nan)>' as a data type

Step 2 failed with exit code 1

[Process finished with exit code 1]
